2026-05-05 15:45:22 - ===== Script started =====
2026-05-05 15:45:22 - ----- New scan cycle -----
2026-05-05 15:45:22 - Waiting 60 seconds...
2026-05-05 15:46:22 - ----- New scan cycle -----
2026-05-05 15:46:22 - Waiting 60 seconds...
2026-05-05 15:47:22 - ----- New scan cycle -----
2026-05-05 15:47:22 - Waiting 60 seconds...
2026-05-05 15:48:22 - ----- New scan cycle -----
2026-05-05 15:48:22 - Waiting 60 seconds...
2026-05-05 15:49:22 - ===== Script started =====
2026-05-05 15:49:22 - ----- New scan cycle -----
2026-05-05 15:49:22 - Waiting 60 seconds...
2026-05-05 15:56:39 - ===== Script started =====
2026-05-05 15:56:39 - ----- New scan cycle -----
2026-05-05 15:57:44 - Moved folder: Ahsoka
2026-05-05 15:58:39 - Moved folder: New folder
2026-05-05 16:00:38 - Moved folder: Special Ops Lioness
2026-05-05 16:00:38 - Moved file: New Bitmap Image.bmp
2026-05-05 16:00:38 - Moved file: New Compressed (zipped) Folder.zip
2026-05-05 16:00:38 - Moved file: New Text Document.txt
2026-05-05 16:00:38 - Waiting 60 seconds...
2026-05-05 16:01:38 - ----- New scan cycle -----
2026-05-05 16:01:38 - Waiting 60 seconds...
2026-05-05 16:02:38 - ----- New scan cycle -----
2026-05-05 16:02:38 - Waiting 60 seconds...
2026-05-05 16:03:38 - ----- New scan cycle -----
2026-05-05 16:03:38 - Waiting 60 seconds...
2026-05-05 16:04:38 - ----- New scan cycle -----
2026-05-05 16:04:39 - Waiting 60 seconds...
2026-05-05 16:05:39 - ----- New scan cycle -----
2026-05-05 16:05:39 - Waiting 60 seconds...
2026-05-05 16:06:39 - ----- New scan cycle -----
2026-05-05 16:06:39 - Waiting 60 seconds...
2026-05-05 16:07:39 - ----- New scan cycle -----
2026-05-05 16:07:39 - Waiting 60 seconds...
2026-05-05 16:08:39 - ----- New scan cycle -----
2026-05-05 16:08:39 - Waiting 60 seconds...
2026-05-05 16:09:39 - ----- New scan cycle -----
2026-05-05 16:09:39 - Waiting 60 seconds...
2026-05-05 16:10:39 - ----- New scan cycle -----
2026-05-05 16:10:39 - Waiting 60 seconds...
2026-05-05 16:11:39 - ----- New scan cycle -----
2026-05-05 16:11:39 - Waiting 60 seconds...
2026-05-05 16:12:39 - ----- New scan cycle -----
2026-05-05 16:12:39 - Waiting 60 seconds...
2026-05-05 16:13:39 - ----- New scan cycle -----
2026-05-05 16:13:39 - Waiting 60 seconds...
2026-05-05 16:14:39 - ----- New scan cycle -----
2026-05-05 16:14:39 - Waiting 60 seconds...
2026-05-05 16:15:40 - ----- New scan cycle -----
2026-05-05 16:15:40 - Waiting 60 seconds...
2026-05-05 16:16:40 - ----- New scan cycle -----
2026-05-05 16:16:40 - Waiting 60 seconds...
2026-05-05 16:17:40 - ----- New scan cycle -----
2026-05-05 16:17:40 - Waiting 60 seconds...
2026-05-05 16:18:40 - ----- New scan cycle -----
2026-05-05 16:18:40 - Waiting 60 seconds...
2026-05-05 16:19:40 - ----- New scan cycle -----
2026-05-05 16:19:40 - Waiting 60 seconds...
2026-05-05 16:20:40 - ----- New scan cycle -----
2026-05-05 16:20:40 - Waiting 60 seconds...
2026-05-05 16:21:40 - ----- New scan cycle -----
2026-05-05 16:21:40 - Waiting 60 seconds...
2026-05-05 16:22:40 - ----- New scan cycle -----
2026-05-05 16:22:40 - Waiting 60 seconds...
2026-05-05 16:23:40 - ----- New scan cycle -----
2026-05-05 16:23:40 - Waiting 60 seconds...
2026-05-05 16:24:40 - ----- New scan cycle -----
2026-05-05 16:24:40 - Waiting 60 seconds...
2026-05-05 16:25:40 - ----- New scan cycle -----
2026-05-05 16:25:41 - Waiting 60 seconds...
2026-05-05 16:26:41 - ----- New scan cycle -----
2026-05-05 16:26:41 - Waiting 60 seconds...
2026-05-05 16:27:41 - ----- New scan cycle -----
2026-05-05 16:27:41 - Waiting 60 seconds...
2026-05-05 16:28:41 - ----- New scan cycle -----
2026-05-05 16:28:41 - Waiting 60 seconds...
2026-05-05 16:29:41 - ----- New scan cycle -----
2026-05-05 16:29:41 - Waiting 60 seconds...
2026-05-05 16:30:41 - ----- New scan cycle -----
2026-05-05 16:30:41 - Waiting 60 seconds...
2026-05-05 16:31:41 - ----- New scan cycle -----
2026-05-05 16:31:41 - Waiting 60 seconds...
2026-05-05 16:32:41 - ----- New scan cycle -----
2026-05-05 16:32:41 - Waiting 60 seconds...
2026-05-05 16:33:41 - ----- New scan cycle -----
2026-05-05 16:33:41 - Waiting 60 seconds...
2026-05-05 16:34:41 - ----- New scan cycle -----
2026-05-05 16:34:41 - Waiting 60 seconds...
2026-05-05 16:35:41 - ----- New scan cycle -----
2026-05-05 16:35:42 - Waiting 60 seconds...
2026-05-05 16:36:42 - ----- New scan cycle -----
2026-05-05 16:36:42 - Waiting 60 seconds...
2026-05-05 16:37:42 - ----- New scan cycle -----
2026-05-05 16:37:42 - Waiting 60 seconds...
2026-05-05 16:38:42 - ----- New scan cycle -----
2026-05-05 16:38:42 - Waiting 60 seconds...
2026-05-05 16:39:42 - ----- New scan cycle -----
2026-05-05 16:39:42 - Waiting 60 seconds...
2026-05-05 16:40:42 - ----- New scan cycle -----
2026-05-05 16:40:42 - Waiting 60 seconds...
2026-05-05 16:41:42 - ----- New scan cycle -----
2026-05-05 16:41:42 - Waiting 60 seconds...
2026-05-05 16:42:42 - ----- New scan cycle -----
2026-05-05 16:42:42 - Waiting 60 seconds...
2026-05-05 16:43:42 - ----- New scan cycle -----
2026-05-05 16:43:42 - Waiting 60 seconds...
2026-05-05 16:44:42 - ----- New scan cycle -----
2026-05-05 16:44:42 - Waiting 60 seconds...
2026-05-05 16:45:42 - ----- New scan cycle -----
2026-05-05 16:45:42 - Waiting 60 seconds...
2026-05-05 18:32:26 - ===== Script started =====
2026-05-05 18:32:26 - ----- New scan cycle -----
2026-05-05 18:33:32 - Moved folder: Ahsoka (16 files, 7.01 GB, 109.95 MB/s, 65.29 sec)
2026-05-05 18:34:27 - Moved folder: New folder (20 files, 5.88 GB, 109.1 MB/s, 55.22 sec)
2026-05-05 18:36:27 - Moved folder: Special Ops Lioness (13 files, 12.89 GB, 110.39 MB/s, 119.59 sec)
2026-05-05 18:36:27 - Moved file: New Bitmap Image.bmp (0 Bytes, 0 MB/s, 0.01 sec)
2026-05-05 18:36:27 - Moved file: New Compressed (zipped) Folder.zip (22 Bytes, 0 MB/s, 0.01 sec)
2026-05-05 18:36:27 - Moved file: New Text Document.txt (0 Bytes, 0 MB/s, 0.01 sec)
2026-05-05 18:36:27 - Summary: 3 folders, 3 files, 25.79 GB moved this cycle
2026-05-05 18:36:27 - Waiting 60 seconds...
2026-05-05 18:37:27 - ----- New scan cycle -----
2026-05-05 18:37:28 - Summary: 0 folders, 0 files, 0 Bytes moved this cycle
2026-05-05 18:37:28 - Waiting 60 seconds...
2026-05-05 18:38:28 - ----- New scan cycle -----
2026-05-05 18:38:28 - Summary: 0 folders, 0 files, 0 Bytes moved this cycle
2026-05-05 18:38:28 - Waiting 60 seconds...
2026-05-05 18:39:28 - ----- New scan cycle -----
2026-05-05 18:39:28 - Summary: 0 folders, 0 files, 0 Bytes moved this cycle
2026-05-05 18:39:28 - Waiting 60 seconds...
2026-05-05 18:40:28 - ----- New scan cycle -----
2026-05-05 18:40:28 - Summary: 0 folders, 0 files, 0 Bytes moved this cycle
2026-05-05 18:40:28 - Waiting 60 seconds...
2026-05-05 18:41:28 - ----- New scan cycle -----
2026-05-05 18:41:28 - Summary: 0 folders, 0 files, 0 Bytes moved this cycle
2026-05-05 18:41:28 - Waiting 60 seconds...
2026-05-05 18:42:28 - ----- New scan cycle -----
2026-05-05 18:42:28 - Summary: 0 folders, 0 files, 0 Bytes moved this cycle
2026-05-05 18:42:28 - Waiting 60 seconds...
2026-05-05 18:43:28 - ----- New scan cycle -----
2026-05-05 18:43:28 - Summary: 0 folders, 0 files, 0 Bytes moved this cycle
2026-05-05 18:43:28 - Waiting 60 seconds...
2026-05-05 18:44:28 - ----- New scan cycle -----
2026-05-05 18:44:28 - Summary: 0 folders, 0 files, 0 Bytes moved this cycle
2026-05-05 18:44:28 - Waiting 60 seconds...
2026-05-05 18:45:29 - ----- New scan cycle -----
2026-05-05 18:45:29 - Summary: 0 folders, 0 files, 0 Bytes moved this cycle
2026-05-05 18:45:29 - Waiting 60 seconds...
2026-05-05 18:46:29 - ----- New scan cycle -----
2026-05-05 18:46:29 - Summary: 0 folders, 0 files, 0 Bytes moved this cycle
2026-05-05 18:46:29 - Waiting 60 seconds...
2026-05-05 18:47:29 - ----- New scan cycle -----
2026-05-05 18:47:29 - Summary: 0 folders, 0 files, 0 Bytes moved this cycle
2026-05-05 18:47:29 - Waiting 60 seconds...
2026-05-05 18:48:29 - ----- New scan cycle -----
2026-05-05 18:48:29 - Summary: 0 folders, 0 files, 0 Bytes moved this cycle
2026-05-05 18:48:29 - Waiting 60 seconds...
2026-05-05 18:49:29 - ----- New scan cycle -----
2026-05-05 18:49:29 - Summary: 0 folders, 0 files, 0 Bytes moved this cycle
2026-05-05 18:49:29 - Waiting 60 seconds...
2026-05-05 18:50:29 - ----- New scan cycle -----
2026-05-05 18:50:29 - Summary: 0 folders, 0 files, 0 Bytes moved this cycle
2026-05-05 18:50:29 - Waiting 60 seconds...
2026-05-05 18:51:29 - ----- New scan cycle -----
2026-05-05 18:51:29 - Summary: 0 folders, 0 files, 0 Bytes moved this cycle
2026-05-05 18:51:29 - Waiting 60 seconds...
2026-05-05 18:52:29 - ----- New scan cycle -----
2026-05-05 18:52:29 - Summary: 0 folders, 0 files, 0 Bytes moved this cycle
2026-05-05 18:52:29 - Waiting 60 seconds...
2026-05-05 18:53:29 - ----- New scan cycle -----
2026-05-05 18:53:30 - Summary: 0 folders, 0 files, 0 Bytes moved this cycle
2026-05-05 18:53:30 - Waiting 60 seconds...
2026-05-05 18:54:30 - ----- New scan cycle -----
2026-05-05 18:54:30 - Summary: 0 folders, 0 files, 0 Bytes moved this cycle
2026-05-05 18:54:30 - Waiting 60 seconds...
2026-05-05 18:55:30 - ----- New scan cycle -----
2026-05-05 18:55:30 - Summary: 0 folders, 0 files, 0 Bytes moved this cycle
2026-05-05 18:55:30 - Waiting 60 seconds...
2026-05-05 18:56:30 - ----- New scan cycle -----
2026-05-05 18:56:30 - Summary: 0 folders, 0 files, 0 Bytes moved this cycle
2026-05-05 18:56:30 - Waiting 60 seconds...
2026-05-05 18:57:30 - ----- New scan cycle -----
2026-05-05 18:57:30 - Summary: 0 folders, 0 files, 0 Bytes moved this cycle
2026-05-05 18:57:30 - Waiting 60 seconds...
2026-05-05 18:58:30 - ----- New scan cycle -----
2026-05-05 18:58:30 - Summary: 0 folders, 0 files, 0 Bytes moved this cycle
2026-05-05 18:58:30 - Waiting 60 seconds...
2026-05-05 18:59:30 - ----- New scan cycle -----
2026-05-05 18:59:30 - Summary: 0 folders, 0 files, 0 Bytes moved this cycle
2026-05-05 18:59:30 - Waiting 60 seconds...
2026-05-05 19:00:30 - ----- New scan cycle -----
2026-05-05 19:00:30 - Summary: 0 folders, 0 files, 0 Bytes moved this cycle
2026-05-05 19:00:30 - Waiting 60 seconds...
2026-05-05 19:01:30 - ----- New scan cycle -----
2026-05-05 19:01:30 - Summary: 0 folders, 0 files, 0 Bytes moved this cycle
2026-05-05 19:01:31 - Waiting 60 seconds...
2026-05-05 19:02:31 - ----- New scan cycle -----
2026-05-05 19:02:31 - Summary: 0 folders, 0 files, 0 Bytes moved this cycle
2026-05-05 19:02:31 - Waiting 60 seconds...
2026-05-05 19:03:31 - ----- New scan cycle -----
2026-05-05 19:03:31 - Summary: 0 folders, 0 files, 0 Bytes moved this cycle
2026-05-05 19:03:31 - Waiting 60 seconds...
2026-05-05 19:04:31 - ----- New scan cycle -----
2026-05-05 19:04:31 - Summary: 0 folders, 0 files, 0 Bytes moved this cycle
2026-05-05 19:04:31 - Waiting 60 seconds...
2026-05-05 19:05:31 - ----- New scan cycle -----
2026-05-05 19:05:31 - Summary: 0 folders, 0 files, 0 Bytes moved this cycle
2026-05-05 19:05:31 - Waiting 60 seconds...
2026-05-05 19:06:31 - ----- New scan cycle -----
2026-05-05 19:06:31 - Summary: 0 folders, 0 files, 0 Bytes moved this cycle
2026-05-05 19:06:31 - Waiting 60 seconds...
2026-05-05 19:07:31 - ----- New scan cycle -----
2026-05-05 19:07:31 - Summary: 0 folders, 0 files, 0 Bytes moved this cycle
2026-05-05 19:07:31 - Waiting 60 seconds...
2026-05-05 19:08:31 - ----- New scan cycle -----
2026-05-05 19:08:31 - Summary: 0 folders, 0 files, 0 Bytes moved this cycle
2026-05-05 19:08:31 - Waiting 60 seconds...
2026-05-05 19:09:31 - ----- New scan cycle -----
2026-05-05 19:09:31 - Summary: 0 folders, 0 files, 0 Bytes moved this cycle
2026-05-05 19:09:32 - Waiting 60 seconds...
2026-05-05 19:10:32 - ----- New scan cycle -----
2026-05-05 19:10:32 - Summary: 0 folders, 0 files, 0 Bytes moved this cycle
2026-05-05 19:10:32 - Waiting 60 seconds...
2026-05-05 19:11:32 - ----- New scan cycle -----
2026-05-05 19:11:32 - Summary: 0 folders, 0 files, 0 Bytes moved this cycle
2026-05-05 19:11:32 - Waiting 60 seconds...
2026-05-05 19:12:32 - ----- New scan cycle -----
2026-05-05 19:12:32 - Summary: 0 folders, 0 files, 0 Bytes moved this cycle
2026-05-05 19:12:32 - Waiting 60 seconds...
2026-05-05 19:13:32 - ----- New scan cycle -----
2026-05-05 19:13:32 - Summary: 0 folders, 0 files, 0 Bytes moved this cycle
2026-05-05 19:13:32 - Waiting 60 seconds...
2026-05-05 19:14:32 - ----- New scan cycle -----
2026-05-05 19:14:32 - Summary: 0 folders, 0 files, 0 Bytes moved this cycle
2026-05-05 19:14:32 - Waiting 60 seconds...
2026-05-05 19:15:32 - ----- New scan cycle -----
2026-05-05 19:15:32 - Summary: 0 folders, 0 files, 0 Bytes moved this cycle
2026-05-05 19:15:32 - Waiting 60 seconds...
2026-05-05 19:16:32 - ----- New scan cycle -----
2026-05-05 19:16:32 - Summary: 0 folders, 0 files, 0 Bytes moved this cycle
2026-05-05 19:16:32 - Waiting 60 seconds...
2026-05-05 19:17:32 - ----- New scan cycle -----
2026-05-05 19:17:32 - Summary: 0 folders, 0 files, 0 Bytes moved this cycle
2026-05-05 19:17:32 - Waiting 60 seconds...
2026-05-05 19:18:32 - ----- New scan cycle -----
2026-05-05 19:18:33 - Summary: 0 folders, 0 files, 0 Bytes moved this cycle
2026-05-05 19:18:33 - Waiting 60 seconds...
2026-05-05 19:19:33 - ----- New scan cycle -----
2026-05-05 19:19:33 - Summary: 0 folders, 0 files, 0 Bytes moved this cycle
2026-05-05 19:19:33 - Waiting 60 seconds...
2026-05-05 19:20:33 - ----- New scan cycle -----
2026-05-05 19:20:33 - Summary: 0 folders, 0 files, 0 Bytes moved this cycle
2026-05-05 19:20:33 - Waiting 60 seconds...
2026-05-05 19:21:33 - ----- New scan cycle -----
2026-05-05 19:21:33 - Summary: 0 folders, 0 files, 0 Bytes moved this cycle
2026-05-05 19:21:33 - Waiting 60 seconds...
2026-05-05 19:22:33 - ----- New scan cycle -----
2026-05-05 19:22:33 - Summary: 0 folders, 0 files, 0 Bytes moved this cycle
2026-05-05 19:22:33 - Waiting 60 seconds...
2026-05-05 19:23:33 - ----- New scan cycle -----
2026-05-05 19:23:33 - Summary: 0 folders, 0 files, 0 Bytes moved this cycle
2026-05-05 19:23:33 - Waiting 60 seconds...
2026-05-05 19:24:33 - ----- New scan cycle -----
2026-05-05 19:24:33 - Summary: 0 folders, 0 files, 0 Bytes moved this cycle
2026-05-05 19:24:33 - Waiting 60 seconds...
2026-05-05 19:25:33 - ----- New scan cycle -----
2026-05-05 19:25:33 - Summary: 0 folders, 0 files, 0 Bytes moved this cycle
2026-05-05 19:25:33 - Waiting 60 seconds...
2026-05-05 19:26:33 - ----- New scan cycle -----
2026-05-05 19:26:33 - Summary: 0 folders, 0 files, 0 Bytes moved this cycle
2026-05-05 19:26:34 - Waiting 60 seconds...
2026-05-05 19:27:34 - ----- New scan cycle -----
2026-05-05 19:27:34 - Summary: 0 folders, 0 files, 0 Bytes moved this cycle
2026-05-05 19:27:34 - Waiting 60 seconds...
2026-05-05 19:28:34 - ----- New scan cycle -----
2026-05-05 19:28:34 - Summary: 0 folders, 0 files, 0 Bytes moved this cycle
2026-05-05 19:28:34 - Waiting 60 seconds...
2026-05-05 19:29:34 - ----- New scan cycle -----
2026-05-05 19:29:34 - Summary: 0 folders, 0 files, 0 Bytes moved this cycle
2026-05-05 19:29:34 - Waiting 60 seconds...
2026-05-05 19:30:34 - ----- New scan cycle -----
2026-05-05 19:30:34 - Summary: 0 folders, 0 files, 0 Bytes moved this cycle
2026-05-05 19:30:34 - Waiting 60 seconds...
2026-05-05 19:31:34 - ----- New scan cycle -----
2026-05-05 19:31:34 - Summary: 0 folders, 0 files, 0 Bytes moved this cycle
2026-05-05 19:31:34 - Waiting 60 seconds...
2026-05-05 19:32:34 - ----- New scan cycle -----
2026-05-05 19:32:34 - Summary: 0 folders, 0 files, 0 Bytes moved this cycle
2026-05-05 19:32:34 - Waiting 60 seconds...
2026-05-05 19:33:34 - ----- New scan cycle -----
2026-05-05 19:33:34 - Summary: 0 folders, 0 files, 0 Bytes moved this cycle
2026-05-05 19:33:34 - Waiting 60 seconds...
2026-05-05 19:34:34 - ----- New scan cycle -----
2026-05-05 19:34:34 - Summary: 0 folders, 0 files, 0 Bytes moved this cycle
2026-05-05 19:34:34 - Waiting 60 seconds...
2026-05-05 19:35:34 - ----- New scan cycle -----
2026-05-05 19:35:35 - Summary: 0 folders, 0 files, 0 Bytes moved this cycle
2026-05-05 19:35:35 - Waiting 60 seconds...
2026-05-05 19:36:35 - ----- New scan cycle -----
2026-05-05 19:36:35 - Summary: 0 folders, 0 files, 0 Bytes moved this cycle
2026-05-05 19:36:35 - Waiting 60 seconds...
2026-05-05 19:37:35 - ----- New scan cycle -----
2026-05-05 19:37:35 - Summary: 0 folders, 0 files, 0 Bytes moved this cycle
2026-05-05 19:37:35 - Waiting 60 seconds...
2026-05-05 19:38:35 - ----- New scan cycle -----
2026-05-05 19:38:35 - Summary: 0 folders, 0 files, 0 Bytes moved this cycle
2026-05-05 19:38:35 - Waiting 60 seconds...
2026-05-05 19:39:35 - ----- New scan cycle -----
2026-05-05 19:39:35 - Summary: 0 folders, 0 files, 0 Bytes moved this cycle
2026-05-05 19:39:35 - Waiting 60 seconds...
2026-05-05 19:40:35 - ----- New scan cycle -----
2026-05-05 19:40:35 - Summary: 0 folders, 0 files, 0 Bytes moved this cycle
2026-05-05 19:40:35 - Waiting 60 seconds...
2026-05-05 19:41:35 - ----- New scan cycle -----
2026-05-05 19:41:35 - Summary: 0 folders, 0 files, 0 Bytes moved this cycle
2026-05-05 19:41:35 - Waiting 60 seconds...
2026-05-05 19:42:35 - ----- New scan cycle -----
2026-05-05 19:42:35 - Summary: 0 folders, 0 files, 0 Bytes moved this cycle
2026-05-05 19:42:35 - Waiting 60 seconds...
2026-05-05 19:43:35 - ----- New scan cycle -----
2026-05-05 19:43:35 - Summary: 0 folders, 0 files, 0 Bytes moved this cycle
2026-05-05 19:43:36 - Waiting 60 seconds...
2026-05-05 19:44:36 - ----- New scan cycle -----
2026-05-05 19:44:36 - Summary: 0 folders, 0 files, 0 Bytes moved this cycle
2026-05-05 19:44:36 - Waiting 60 seconds...
2026-05-05 19:45:36 - ----- New scan cycle -----
2026-05-05 19:45:36 - Summary: 0 folders, 0 files, 0 Bytes moved this cycle
2026-05-05 19:45:36 - Waiting 60 seconds...
2026-05-05 19:46:36 - ----- New scan cycle -----
2026-05-05 19:46:36 - Summary: 0 folders, 0 files, 0 Bytes moved this cycle
2026-05-05 19:46:36 - Waiting 60 seconds...
2026-05-05 19:47:36 - ----- New scan cycle -----
2026-05-05 19:47:36 - Summary: 0 folders, 0 files, 0 Bytes moved this cycle
2026-05-05 19:47:36 - Waiting 60 seconds...
2026-05-05 19:48:36 - ----- New scan cycle -----
2026-05-05 19:48:36 - Summary: 0 folders, 0 files, 0 Bytes moved this cycle
2026-05-05 19:48:36 - Waiting 60 seconds...
2026-05-05 19:49:36 - ----- New scan cycle -----
2026-05-05 19:49:36 - Summary: 0 folders, 0 files, 0 Bytes moved this cycle
2026-05-05 19:49:36 - Waiting 60 seconds...
2026-05-05 19:50:36 - ----- New scan cycle -----
2026-05-05 19:50:36 - Summary: 0 folders, 0 files, 0 Bytes moved this cycle
2026-05-05 19:50:36 - Waiting 60 seconds...
2026-05-05 19:51:36 - ----- New scan cycle -----
2026-05-05 19:51:36 - Summary: 0 folders, 0 files, 0 Bytes moved this cycle
2026-05-05 19:51:36 - Waiting 60 seconds...
2026-05-05 19:52:37 - ----- New scan cycle -----
2026-05-05 19:52:37 - Summary: 0 folders, 0 files, 0 Bytes moved this cycle
2026-05-05 19:52:37 - Waiting 60 seconds...
2026-05-05 19:53:37 - ----- New scan cycle -----
2026-05-05 19:53:37 - Summary: 0 folders, 0 files, 0 Bytes moved this cycle
2026-05-05 19:53:37 - Waiting 60 seconds...
2026-05-05 19:54:37 - ----- New scan cycle -----
2026-05-05 19:54:37 - Summary: 0 folders, 0 files, 0 Bytes moved this cycle
2026-05-05 19:54:37 - Waiting 60 seconds...
2026-05-05 19:55:37 - ----- New scan cycle -----
2026-05-05 19:55:37 - Summary: 0 folders, 0 files, 0 Bytes moved this cycle
2026-05-05 19:55:37 - Waiting 60 seconds...
2026-05-05 19:56:37 - ----- New scan cycle -----
2026-05-05 19:56:37 - Summary: 0 folders, 0 files, 0 Bytes moved this cycle
2026-05-05 19:56:37 - Waiting 60 seconds...
2026-05-05 19:57:37 - ----- New scan cycle -----
2026-05-05 19:57:37 - Summary: 0 folders, 0 files, 0 Bytes moved this cycle
2026-05-05 19:57:37 - Waiting 60 seconds...
2026-05-05 19:58:37 - ----- New scan cycle -----
2026-05-05 19:58:37 - Summary: 0 folders, 0 files, 0 Bytes moved this cycle
2026-05-05 19:58:37 - Waiting 60 seconds...
2026-05-05 19:59:37 - ----- New scan cycle -----
2026-05-05 19:59:37 - Summary: 0 folders, 0 files, 0 Bytes moved this cycle
2026-05-05 19:59:37 - Waiting 60 seconds...
2026-05-05 20:00:37 - ----- New scan cycle -----
2026-05-05 20:00:37 - Summary: 0 folders, 0 files, 0 Bytes moved this cycle
2026-05-05 20:00:38 - Waiting 60 seconds...
2026-05-05 20:01:38 - ----- New scan cycle -----
2026-05-05 20:01:38 - Summary: 0 folders, 0 files, 0 Bytes moved this cycle
2026-05-05 20:01:38 - Waiting 60 seconds...
2026-05-05 20:02:38 - ----- New scan cycle -----
2026-05-05 20:02:38 - Summary: 0 folders, 0 files, 0 Bytes moved this cycle
2026-05-05 20:02:38 - Waiting 60 seconds...
2026-05-05 20:03:38 - ----- New scan cycle -----
2026-05-05 20:03:38 - Summary: 0 folders, 0 files, 0 Bytes moved this cycle
2026-05-05 20:03:38 - Waiting 60 seconds...
2026-05-05 20:04:38 - ----- New scan cycle -----
2026-05-05 20:04:38 - Summary: 0 folders, 0 files, 0 Bytes moved this cycle
2026-05-05 20:04:38 - Waiting 60 seconds...
2026-05-05 20:05:38 - ----- New scan cycle -----
2026-05-05 20:05:38 - Summary: 0 folders, 0 files, 0 Bytes moved this cycle
2026-05-05 20:05:38 - Waiting 60 seconds...
2026-05-05 20:06:38 - ----- New scan cycle -----
2026-05-05 20:06:38 - Summary: 0 folders, 0 files, 0 Bytes moved this cycle
2026-05-05 20:06:38 - Waiting 60 seconds...
2026-05-05 20:07:38 - ----- New scan cycle -----
2026-05-05 20:07:38 - Summary: 0 folders, 0 files, 0 Bytes moved this cycle
2026-05-05 20:07:38 - Waiting 60 seconds...
2026-05-05 20:08:38 - ----- New scan cycle -----
2026-05-05 20:08:38 - Summary: 0 folders, 0 files, 0 Bytes moved this cycle
2026-05-05 20:08:38 - Waiting 60 seconds...
2026-05-05 20:09:39 - ----- New scan cycle -----
2026-05-05 20:09:39 - Summary: 0 folders, 0 files, 0 Bytes moved this cycle
2026-05-05 20:09:39 - Waiting 60 seconds...
2026-05-05 20:10:39 - ----- New scan cycle -----
2026-05-05 20:10:39 - Summary: 0 folders, 0 files, 0 Bytes moved this cycle
2026-05-05 20:10:39 - Waiting 60 seconds...
2026-05-05 20:11:39 - ----- New scan cycle -----
2026-05-05 20:11:39 - Summary: 0 folders, 0 files, 0 Bytes moved this cycle
2026-05-05 20:11:39 - Waiting 60 seconds...
2026-05-05 20:12:39 - ----- New scan cycle -----
2026-05-05 20:12:39 - Summary: 0 folders, 0 files, 0 Bytes moved this cycle
2026-05-05 20:12:39 - Waiting 60 seconds...
2026-05-05 20:13:39 - ----- New scan cycle -----
2026-05-05 20:13:39 - Summary: 0 folders, 0 files, 0 Bytes moved this cycle
2026-05-05 20:13:39 - Waiting 60 seconds...
2026-05-05 20:14:39 - ----- New scan cycle -----
2026-05-05 20:14:39 - Summary: 0 folders, 0 files, 0 Bytes moved this cycle
2026-05-05 20:14:39 - Waiting 60 seconds...
2026-05-05 20:15:39 - ----- New scan cycle -----
2026-05-05 20:15:39 - Summary: 0 folders, 0 files, 0 Bytes moved this cycle
2026-05-05 20:15:39 - Waiting 60 seconds...
2026-05-05 20:16:39 - ----- New scan cycle -----
2026-05-05 20:16:39 - Summary: 0 folders, 0 files, 0 Bytes moved this cycle
2026-05-05 20:16:39 - Waiting 60 seconds...
2026-05-05 20:17:39 - ----- New scan cycle -----
2026-05-05 20:17:40 - Summary: 0 folders, 0 files, 0 Bytes moved this cycle
2026-05-05 20:17:40 - Waiting 60 seconds...
2026-05-05 20:18:40 - ----- New scan cycle -----
2026-05-05 20:18:40 - Summary: 0 folders, 0 files, 0 Bytes moved this cycle
2026-05-05 20:18:40 - Waiting 60 seconds...
2026-05-05 20:19:40 - ----- New scan cycle -----
2026-05-05 20:19:40 - Summary: 0 folders, 0 files, 0 Bytes moved this cycle
2026-05-05 20:19:40 - Waiting 60 seconds...
2026-05-05 20:20:40 - ----- New scan cycle -----
2026-05-05 20:20:40 - Summary: 0 folders, 0 files, 0 Bytes moved this cycle
2026-05-05 20:20:40 - Waiting 60 seconds...
2026-05-05 20:21:40 - ----- New scan cycle -----
2026-05-05 20:21:40 - Summary: 0 folders, 0 files, 0 Bytes moved this cycle
2026-05-05 20:21:40 - Waiting 60 seconds...
